1RC2_A	441	3.48e-159	97.059	100	1	238	1	231	Chain A, Aquaporin Z [Escherichia coli]
8H1D_A	441	1.06e-158	97.059	100	1	238	13	243	Chain A, Aquaporin Z [Escherichia coli BL21(DE3)]
3NK5_A	436	4.38e-157	96.218	100	1	238	4	234	Chain A, Aquaporin Z [Escherichia coli K-12]
3NKA_A	434	3.05e-156	96.218	100	1	238	4	234	Chain A, Aquaporin Z [Escherichia coli K-12]
2O9F_A	432	1.19e-155	95.798	100	1	238	4	234	Chain A, Aquaporin Z [Escherichia coli]
2O9E_A	432	1.67e-155	95.798	100	1	238	4	234	Chain A, Aquaporin Z [Escherichia coli]
2O9D_A	432	2.25e-155	95.798	100	1	238	4	234	Chain A, Aquaporin Z [Escherichia coli]
3NKC_A	431	3.77e-155	95.798	100	1	238	4	234	Chain A, Aquaporin Z [Escherichia coli K-12]
8UY6_A	429	3.68e-154	96.596	99	1	235	1	228	Chain A, Aquaporin Z [Escherichia coli]
3LLQ_A	295	8.12e-101	71.308	99	1	237	29	256	Chain A, Aquaporin Z 2 [Agrobacterium fabrum str. C58]
7UZE_A	107	2.96e-27	34.979	99	2	237	11	234	Chain A, Aquaporin-1 [Homo sapiens]
6POJ_A	107	3.25e-27	34.979	99	2	237	11	234	Chain A, Aquaporin-1 [Homo sapiens]
1FQY_A	106	3.51e-27	34.979	99	2	237	11	234	Chain A, AQUAPORIN-1 [Homo sapiens]
9ZCZ_A	106	3.66e-27	34.979	99	2	237	9	232	Chain A, Aquaporin-1 [Homo sapiens]
4CSK_A	106	5.26e-27	34.979	99	2	237	34	257	Chain A, AQUAPORIN-1 [Homo sapiens]
8OEE_A	105	6.31e-27	34.188	97	3	234	11	223	Chain A, Aquaporin-2 [Homo sapiens]
8VVX_A	105	6.97e-27	35.043	97	3	234	7	219	Chain A, Aquaporin-2 [Homo sapiens]
4NEF_A	105	7.39e-27	35.043	97	3	234	11	223	Chain A, Aquaporin-2 [Homo sapiens]
8GHJ_A	104	9.61e-27	34.188	97	3	234	11	223	Chain A, Aquaporin-2 [Homo sapiens]
4OJ2_X	105	1.21e-26	35.043	97	3	234	14	226	Chain X, Aquaporin-2 [Homo sapiens]
6POJ_A	206	1.75e-65	34.568	99	1	237	10	234	Chain A, Aquaporin-1 [Homo sapiens]
8GCL_A	204	4.21e-65	33.475	98	3	236	11	225	Chain A, Aquaporin-2 [Homo sapiens]
4OJ2_X	204	5.79e-65	33.475	98	3	236	14	228	Chain X, Aquaporin-2 [Homo sapiens]
8V91_A	206	6.63e-65	28.571	99	1	237	34	255	Chain A, Aquaporin-4 [Homo sapiens]
8V8S_A	206	9.77e-65	28.571	99	1	237	59	280	Chain A, Aquaporin-4 [Homo sapiens]
4CSK_A	201	1.10e-63	34.568	99	1	237	33	257	Chain A, AQUAPORIN-1 [Homo sapiens]
1FQY_A	201	1.23e-63	34.568	99	1	237	10	234	Chain A, AQUAPORIN-1 [Homo sapiens]
8VVX_A	200	1.48e-63	33.475	98	3	236	7	221	Chain A, Aquaporin-2 [Homo sapiens]
3IYZ_A	201	5.96e-63	28.151	99	1	237	51	272	Chain A, Aquaporin-4 [Rattus norvegicus]
2ZZ9_A	199	6.58e-63	28.151	99	1	237	12	233	Chain A, Aquaporin-4 [Rattus norvegicus]
7UZE_A	198	7.27e-63	34.568	99	1	237	10	234	Chain A, Aquaporin-1 [Homo sapiens]
8H1D_A	197	8.23e-63	97.059	100	1	238	13	243	Chain A, Aquaporin Z [Escherichia coli BL21(DE3)]
2D57_A	199	9.01e-63	28.151	99	1	237	12	233	Chain A, Aquaporin-4 [Rattus norvegicus]
1RC2_A	196	1.63e-62	97.059	100	1	238	1	231	Chain A, Aquaporin Z [Escherichia coli]
3NK5_A	194	1.02e-61	96.218	100	1	238	4	234	Chain A, Aquaporin Z [Escherichia coli K-12]
8UY6_A	194	2.36e-61	96.596	99	1	235	1	228	Chain A, Aquaporin Z [Escherichia coli]
1J4N_A	195	2.38e-61	30.894	99	1	237	10	236	Chain A, AQUAPORIN 1 [Bos taurus]
2O9D_A	193	3.44e-61	95.798	100	1	238	4	234	Chain A, Aquaporin Z [Escherichia coli]
2O9F_A	192	8.48e-61	95.798	100	1	238	4	234	Chain A, Aquaporin Z [Escherichia coli]
2O9E_A	191	1.40e-60	95.798	100	1	238	4	234	Chain A, Aquaporin Z [Escherichia coli]
6POJ_A	224	9.87e-73	34.156	99	1	237	10	234	Chain A, Aquaporin-1 [Homo sapiens]
8V91_A	221	7.65e-71	28.571	99	1	237	34	255	Chain A, Aquaporin-4 [Homo sapiens]
4CSK_A	219	9.47e-71	34.156	99	1	237	33	257	Chain A, AQUAPORIN-1 [Homo sapiens]
1FQY_A	218	1.07e-70	34.156	99	1	237	10	234	Chain A, AQUAPORIN-1 [Homo sapiens]
8V8S_A	221	1.34e-70	28.571	99	1	237	59	280	Chain A, Aquaporin-4 [Homo sapiens]
1J4N_A	218	1.53e-70	30.612	99	1	237	10	236	Chain A, AQUAPORIN 1 [Bos taurus]
7UZE_A	216	7.83e-70	34.156	99	1	237	10	234	Chain A, Aquaporin-1 [Homo sapiens]
3IYZ_A	216	5.68e-69	28.151	99	1	237	51	272	Chain A, Aquaporin-4 [Rattus norvegicus]
2ZZ9_A	215	8.57e-69	28.151	99	1	237	12	233	Chain A, Aquaporin-4 [Rattus norvegicus]
2D57_A	214	1.43e-68	28.151	99	1	237	12	233	Chain A, Aquaporin-4 [Rattus norvegicus]
8Y8V_A	218	7.22e-67	24.506	99	1	235	298	542	Chain A, Green fluorescent protein,Aquaporin-7 [synthetic construct]
8GCL_A	208	1.20e-66	33.193	99	1	236	9	225	Chain A, Aquaporin-2 [Homo sapiens]
9ZCZ_A	207	1.70e-66	34.156	99	1	237	8	232	Chain A, Aquaporin-1 [Homo sapiens]
4OJ2_X	208	1.76e-66	33.193	99	1	236	12	228	Chain X, Aquaporin-2 [Homo sapiens]
8VVX_A	203	4.79e-65	33.193	99	1	236	5	221	Chain A, Aquaporin-2 [Homo sapiens]
7W7R_A	200	5.99e-64	29.707	99	1	237	10	227	Chain A, Aquaporin 1 [Anabas testudineus]
2B6O_A	200	1.78e-63	32.911	99	1	237	9	226	Chain A, Lens fiber major intrinsic protein [Ovis aries]
9QSX_A	200	4.18e-63	24.314	99	1	237	21	268	Chain A, Aquaporin-3 [Homo sapiens]
1YMG_A	199	5.63e-63	32.068	99	1	237	9	226	Chain A, Lens fiber major intrinsic protein [Bos taurus]
7STC_A	197	2.91e-62	34.310	99	1	237	11	229	Chain A, Aquaporin-5 [Homo sapiens]

Search has CONVERGED!
