O68874	441	1.22e-158	97.059	100	1	238	1	231	RecName: Full=Aquaporin Z [Shigella flexneri]
Q8X6K6	439	7.06e-158	96.639	100	1	238	1	231	RecName: Full=Aquaporin Z [Escherichia coli O157:H7]
Q87MQ5	331	3.59e-115	70.042	99	2	238	1	230	RecName: Full=Aquaporin Z [Vibrio parahaemolyticus RIMD 2210633]
Q7N5C1	328	7.52e-114	73.950	100	1	238	1	231	RecName: Full=Aquaporin Z [Photorhabdus laumondii subsp. laumondii TTO1]
Q8DB17	321	5.48e-111	70.435	97	2	231	1	223	RecName: Full=Aquaporin Z [Vibrio vulnificus CMCP6]
Q7MIV9	320	6.82e-111	70.435	97	2	231	1	223	RecName: Full=Aquaporin Z [Vibrio vulnificus YJ016]
Q7NU39	318	9.00e-110	68.776	99	2	238	1	229	RecName: Full=Aquaporin Z [Chromobacterium violaceum ATCC 12472]
Q9HWZ3	316	2.94e-109	68.776	99	2	238	1	229	RecName: Full=Aquaporin Z [Pseudomonas aeruginosa PAO1]
Q7W917	314	2.99e-108	71.429	97	1	231	4	227	RecName: Full=Aquaporin Z [Bordetella parapertussis 12822]
Q8EHC1	306	3.61e-105	67.965	97	1	231	3	225	RecName: Full=Aquaporin Z [Shewanella oneidensis MR-1]
Q89EG9	298	9.43e-102	64.681	99	2	236	3	229	RecName: Full=Aquaporin Z [Bradyrhizobium diazoefficiens USDA 110]
Q8FY85	296	1.75e-101	65.966	100	1	238	1	228	RecName: Full=Aquaporin Z [Brucella suis 1330]
Q88F17	295	1.01e-100	67.521	98	3	236	5	229	RecName: Full=Aquaporin Z [Pseudomonas putida KT2440]
Q8UJW4	294	1.54e-100	71.308	99	1	237	1	228	RecName: Full=Aquaporin Z 2 [Agrobacterium fabrum str. C58]
Q7NNP3	293	1.15e-99	63.983	99	1	236	3	230	RecName: Full=Aquaporin Z [Gloeobacter violaceus PCC 7421]
P0C112	291	3.61e-99	66.245	99	1	237	1	228	RecName: Full=Aquaporin Z; AltName: Full=Aquaporin X [Brucella abortus bv. 1 str. 9-941]
Q92NM3	290	4.16e-99	64.935	97	1	231	1	222	RecName: Full=Aquaporin Z 1 [Sinorhizobium meliloti 1021]
Q9L772	287	6.91e-98	65.823	99	1	237	1	228	RecName: Full=Aquaporin Z [Brucella melitensis bv. 1 str. 16M]
P60925	272	9.33e-92	65.368	97	3	233	4	226	RecName: Full=Aquaporin Z [Rhodopseudomonas palustris CGA009]
Q8UI24	272	1.65e-91	65.546	100	1	238	1	229	RecName: Full=Aquaporin Z 1 [Agrobacterium fabrum str. C58]
Q87MQ5	230	2.15e-75	70.339	99	2	237	1	229	RecName: Full=Aquaporin Z [Vibrio parahaemolyticus RIMD 2210633]
Q8DB17	230	2.89e-75	69.828	97	2	233	1	225	RecName: Full=Aquaporin Z [Vibrio vulnificus CMCP6]
Q7W917	229	8.88e-75	70.815	98	1	233	4	229	RecName: Full=Aquaporin Z [Bordetella parapertussis 12822]
Q7MIV9	227	2.92e-74	69.828	97	2	233	1	225	RecName: Full=Aquaporin Z [Vibrio vulnificus YJ016]
Q7NNP3	227	1.26e-73	63.983	99	1	236	3	230	RecName: Full=Aquaporin Z [Gloeobacter violaceus PCC 7421]
P55088	228	4.25e-73	29.661	98	2	234	35	252	RecName: Full=Aquaporin-4; Short=AQP-4; AltName: Full=Mercurial-insensitive water channel; Short=MIWC; AltName: Full=WCH4 [Mus musculus]
Q923J4	227	6.90e-73	28.390	98	2	234	35	252	RecName: Full=Aquaporin-4; Short=AQP-4 [Dipodomys merriami]
Q8EHC1	223	1.40e-72	67.382	98	1	233	3	227	RecName: Full=Aquaporin Z [Shewanella oneidensis MR-1]
P55087	226	2.16e-72	28.814	98	2	234	35	252	RecName: Full=Aquaporin-4; Short=AQP-4; AltName: Full=Mercurial-insensitive water channel; Short=MIWC; AltName: Full=WCH4 [Homo sapiens]
O77750	225	5.21e-72	29.661	98	2	234	35	252	RecName: Full=Aquaporin-4; Short=AQP-4; AltName: Full=Mercurial-insensitive water channel; Short=MIWC; AltName: Full=WCH4 [Bos taurus]
P47863	225	7.87e-72	28.390	98	2	234	35	252	RecName: Full=Aquaporin-4; Short=AQP-4; AltName: Full=Mercurial-insensitive water channel; Short=MIWC; AltName: Full=WCH4 [Rattus norvegicus]
O68874	221	1.31e-71	97.059	100	1	238	1	231	RecName: Full=Aquaporin Z [Shigella flexneri]
Q9HWZ3	220	1.78e-71	68.776	99	2	238	1	229	RecName: Full=Aquaporin Z [Pseudomonas aeruginosa PAO1]
Q5I4F9	223	2.57e-71	28.390	98	2	234	38	255	RecName: Full=Aquaporin-4; Short=AQP-4 [Notomys alexis]
Q89EG9	220	4.96e-71	64.681	99	2	236	3	229	RecName: Full=Aquaporin Z [Bradyrhizobium diazoefficiens USDA 110]
Q8X6K6	219	5.76e-71	96.639	100	1	238	1	231	RecName: Full=Aquaporin Z [Escherichia coli O157:H7]
P56402	220	8.31e-71	33.898	98	3	236	11	225	RecName: Full=Aquaporin-2; Short=AQP-2; AltName: Full=ADH water channel; AltName: Full=Aquaporin-CD; Short=AQP-CD; AltName: Full=Collecting duct water channel protein; AltName: Full=WCH-CD; AltName: Full=Water channel protein for renal collecting duct [Mus musculus]
Q7NU39	218	2.15e-70	70.259	97	2	233	1	224	RecName: Full=Aquaporin Z [Chromobacterium violaceum ATCC 12472]
Q7N5C1	217	3.96e-70	73.950	100	1	238	1	231	RecName: Full=Aquaporin Z [Photorhabdus laumondii subsp. laumondii TTO1]
P41181	218	6.35e-70	33.475	98	3	236	11	225	RecName: Full=Aquaporin-2; Short=AQP-2; AltName: Full=ADH water channel; AltName: Full=Aquaporin-CD; Short=AQP-CD; AltName: Full=Collecting duct water channel protein; AltName: Full=WCH-CD; AltName: Full=Water channel protein for renal collecting duct [Homo sapiens]
Q923J4	219	1.42e-69	28.151	99	2	236	35	254	RecName: Full=Aquaporin-4; Short=AQP-4 [Dipodomys merriami]
P55088	218	3.03e-69	29.412	99	2	236	35	254	RecName: Full=Aquaporin-4; Short=AQP-4; AltName: Full=Mercurial-insensitive water channel; Short=MIWC; AltName: Full=WCH4 [Mus musculus]
P47863	217	8.14e-69	28.151	99	2	236	35	254	RecName: Full=Aquaporin-4; Short=AQP-4; AltName: Full=Mercurial-insensitive water channel; Short=MIWC; AltName: Full=WCH4 [Rattus norvegicus]
O77750	216	2.11e-68	28.992	99	2	236	35	254	RecName: Full=Aquaporin-4; Short=AQP-4; AltName: Full=Mercurial-insensitive water channel; Short=MIWC; AltName: Full=WCH4 [Bos taurus]
P55087	215	3.55e-68	28.151	99	2	236	35	254	RecName: Full=Aquaporin-4; Short=AQP-4; AltName: Full=Mercurial-insensitive water channel; Short=MIWC; AltName: Full=WCH4 [Homo sapiens]
Q5I4F9	215	4.18e-68	28.151	99	2	236	38	257	RecName: Full=Aquaporin-4; Short=AQP-4 [Notomys alexis]
A0A384JSZ0	217	3.62e-67	18.898	99	2	238	180	427	RecName: Full=Aquaglyceroporin-9 [Botrytis cinerea B05.10]
Q9ATM4	208	4.30e-66	27.490	99	1	235	38	273	RecName: Full=Aquaporin PIP2-7; AltName: Full=Plasma membrane intrinsic protein 2-7; AltName: Full=ZmPIP2-7; AltName: Full=ZmPIP2;7 [Zea mays]
G5CTG7	212	5.06e-66	20.522	99	1	237	102	362	RecName: Full=Aquaporin-10; Short=AQP-10 [Milnesium tardigradum]
G5CTG7	43.4	8.86e-04	18.421	99	128	236	99	206	RecName: Full=Aquaporin-10; Short=AQP-10 [Milnesium tardigradum]
P29975	207	9.81e-66	33.471	99	2	237	11	234	RecName: Full=Aquaporin-1; Short=AQP-1; AltName: Full=Aquaporin-CHIP [Rattus norvegicus]
Q02013	206	3.14e-65	33.884	99	2	237	11	234	RecName: Full=Aquaporin-1; Short=AQP-1; AltName: Full=Aquaporin-CHIP; AltName: Full=Delayed early response protein 2; Short=DER2 [Mus musculus]
Q9N2J4	206	3.56e-65	32.377	99	2	237	11	236	RecName: Full=Aquaporin-1; Short=AQP-1; AltName: Full=Aquaporin-CHIP [Canis lupus familiaris]
P29972	206	3.73e-65	34.298	99	2	237	11	234	RecName: Full=Aquaporin-1; Short=AQP-1; AltName: Full=Aquaporin-CHIP; AltName: Full=Channel-like integral membrane protein of 28 kDa; AltName: Full=Urine water channel [Homo sapiens]
Q6PQZ1	205	7.20e-65	32.787	99	2	237	11	236	RecName: Full=Aquaporin-1; Short=AQP-1; AltName: Full=Aquaporin-CHIP [Sus scrofa]
P56402	205	1.05e-64	34.322	98	3	236	11	225	RecName: Full=Aquaporin-2; Short=AQP-2; AltName: Full=ADH water channel; AltName: Full=Aquaporin-CD; Short=AQP-CD; AltName: Full=Collecting duct water channel protein; AltName: Full=WCH-CD; AltName: Full=Water channel protein for renal collecting duct [Mus musculus]
G5CTG4	206	1.06e-64	23.600	99	2	237	24	271	RecName: Full=Aquaporin-7; Short=AQP-7 [Milnesium tardigradum]
G5CTG4	46.4	8.13e-05	14.414	99	131	236	23	127	RecName: Full=Aquaporin-7; Short=AQP-7 [Milnesium tardigradum]
Q39196	205	1.26e-64	27.160	98	2	235	52	279	RecName: Full=Probable aquaporin PIP1-4; AltName: Full=Plasma membrane intrinsic protein 1-4; Short=AtPIP1;4; AltName: Full=Transmembrane protein C; Short=TMP-C [Arabidopsis thaliana]
Q5R819	203	2.55e-64	33.471	99	2	237	11	234	RecName: Full=Aquaporin-1; Short=AQP-1; AltName: Full=Aquaporin-CHIP [Pongo abelii]
P47865	203	3.12e-64	30.738	99	2	237	11	236	RecName: Full=Aquaporin-1; Short=AQP-1; AltName: Full=Aquaporin-CHIP; AltName: Full=Water channel protein CHIP29 [Bos taurus]
Q6ZXT4	205	3.89e-64	23.387	98	2	234	81	319	RecName: Full=Aquaglyceroporin-1; Short=TbAQP1 [Trypanosoma brucei brucei]
