P01106	155	4.36e-46	89.888	100	RecName: Full=Myc proto-oncogene protein; AltName: Full=Class E basic helix-loop-helix protein 39; Short=bHLHe39; AltName: Full=Proto-oncogene c-Myc; AltName: Full=Transcription factor p64 [Homo sapiens]
Q9MZU0	151	1.79e-44	87.640	100	RecName: Full=Myc proto-oncogene protein; AltName: Full=Proto-oncogene c-Myc; AltName: Full=Transcription factor p64 [Galeopterus variegatus]
Q9MZT9	151	1.88e-44	87.640	100	RecName: Full=Myc proto-oncogene protein; AltName: Full=Proto-oncogene c-Myc; AltName: Full=Transcription factor p64 [Tupaia glis]
A2T7L5	149	6.02e-44	86.517	100	RecName: Full=Myc proto-oncogene protein; AltName: Full=Proto-oncogene c-Myc; AltName: Full=Transcription factor p64 [Pongo pygmaeus]
Q28350	149	6.56e-44	86.517	100	RecName: Full=Myc proto-oncogene protein; AltName: Full=Proto-oncogene c-Myc; AltName: Full=Transcription factor p64 [Canis lupus familiaris]
Q9MZT8	148	1.55e-43	85.393	100	RecName: Full=Myc proto-oncogene protein; AltName: Full=Proto-oncogene c-Myc; AltName: Full=Transcription factor p64 [Pteropus hypomelanus]
Q9MZT6	148	1.62e-43	85.393	100	RecName: Full=Myc proto-oncogene protein; AltName: Full=Proto-oncogene c-Myc; AltName: Full=Transcription factor p64 [Sylvilagus floridanus]
P49032	148	1.63e-43	86.517	100	RecName: Full=Myc proto-oncogene protein; AltName: Full=Proto-oncogene c-Myc; AltName: Full=Transcription factor p64 [Callithrix jacchus]
P49033	147	4.98e-43	85.393	100	RecName: Full=Myc proto-oncogene protein; AltName: Full=Proto-oncogene c-Myc; AltName: Full=Transcription factor p64 [Hylobates lar]
P22555	147	7.13e-43	85.393	100	RecName: Full=Myc proto-oncogene protein; AltName: Full=Proto-oncogene c-Myc; AltName: Full=Transcription factor p64 [Marmota monax]
P09416	147	9.09e-43	85.393	100	RecName: Full=Myc proto-oncogene protein; AltName: Full=Proto-oncogene c-Myc; AltName: Full=Transcription factor p64 [Rattus norvegicus]
P01108	144	6.89e-42	83.146	100	RecName: Full=Myc proto-oncogene protein; AltName: Full=Proto-oncogene c-Myc; AltName: Full=Transcription factor p64 [Mus musculus]
Q28566	144	1.02e-41	84.270	100	RecName: Full=Myc proto-oncogene protein; AltName: Full=Proto-oncogene c-Myc; AltName: Full=Transcription factor p64 [Ovis aries]
A1YG22	142	3.49e-41	88.764	100	RecName: Full=Myc proto-oncogene protein; AltName: Full=Proto-oncogene c-Myc; AltName: Full=Transcription factor p64 [Pan paniscus]
Q29031	142	4.86e-41	84.270	100	RecName: Full=Myc proto-oncogene protein; AltName: Full=Proto-oncogene c-Myc; AltName: Full=Transcription factor p64 [Sus scrofa]
P23583	141	8.21e-41	88.764	100	RecName: Full=Myc proto-oncogene protein; AltName: Full=Proto-oncogene c-Myc; AltName: Full=Transcription factor p64 [Pan troglodytes]
B8XIA5	140	2.27e-40	87.640	100	RecName: Full=Myc proto-oncogene protein; AltName: Full=Proto-oncogene c-Myc; AltName: Full=Transcription factor p64 [Macaca mulatta]
Q9MZT7	138	1.27e-39	85.393	100	RecName: Full=Myc proto-oncogene protein; AltName: Full=Proto-oncogene c-Myc; AltName: Full=Transcription factor p64 [Tadarida brasiliensis]
P68271	138	1.46e-39	86.517	100	RecName: Full=Myc proto-oncogene protein; AltName: Full=Proto-oncogene c-Myc; AltName: Full=Transcription factor p64 [Felis catus]
Q2HJ27	136	8.86e-39	80.899	100	RecName: Full=Myc proto-oncogene protein; AltName: Full=Proto-oncogene c-Myc; AltName: Full=Transcription factor p64 [Bos taurus]
P21438	135	2.50e-38	85.393	100	RecName: Full=Viral myc transforming protein; Short=v-Myc [Feline leukemia provirus ftt]
P10395	125	4.27e-35	71.910	100	RecName: Full=Viral myc transforming protein; Short=v-Myc [Avian myelocytomatosis virus CMII]
P01109	126	5.17e-35	71.910	100	RecName: Full=Myc proto-oncogene protein; Short=c-Myc [Gallus gallus]
P12523	124	2.10e-34	70.787	100	RecName: Full=Viral myc transforming protein; Short=v-Myc [Avian myelocytomatosis virus OK10]
P01110	122	1.40e-33	70.787	100	RecName: Full=Viral myc transforming protein; Short=v-Myc [Avian myelocytomatosis virus 29]
P0C0N8	120	3.89e-33	70.787	100	RecName: Full=Viral myc transforming protein; Short=v-Myc [Avian retrovirus mh2e21]
P0C0N9	119	1.73e-32	70.787	100	RecName: Full=Viral myc transforming protein; Short=v-Myc [Avian carcinoma Mill Hill virus 2]
P06295	119	1.73e-32	68.539	100	RecName: Full=Viral myc transforming protein; Short=v-Myc [Avian myelocytomatosis virus hbi]
P15171	105	1.58e-27	62.921	100	RecName: Full=Transcriptional regulator Myc-B; AltName: Full=c-Myc II [Xenopus laevis]
P49709	105	2.60e-27	64.045	100	RecName: Full=Transcriptional regulator Myc; Short=c-Myc [Carassius auratus]
Q90342	105	3.01e-27	64.045	100	RecName: Full=Transcriptional regulator Myc-2; Short=c-Myc-2; AltName: Full=c-Myc II [Cyprinus carpio]
P52160	105	3.15e-27	64.045	100	RecName: Full=Transcriptional regulator Myc-A; Short=c-Myc-A; Short=zc-Myc [Danio rerio]
P06171	104	4.24e-27	61.798	100	RecName: Full=Transcriptional regulator Myc-A; AltName: Full=c-Myc I [Xenopus laevis]
Q90341	100	8.72e-26	61.798	100	RecName: Full=Transcriptional regulator Myc-1; Short=c-Myc-1; AltName: Full=c-Myc I [Cyprinus carpio]
Q7ZVS9	100	1.65e-25	62.921	100	RecName: Full=Transcriptional regulator Myc-B; Short=c-Myc-B [Danio rerio]
P06646	98.6	6.59e-25	60.920	98	RecName: Full=Transcriptional regulator Myc; Short=c-Myc [Oncorhynchus mykiss]
P18444	87.4	1.16e-20	55.294	96	RecName: Full=N-myc proto-oncogene protein [Gallus gallus]
P03966	85.1	8.32e-20	50.000	97	RecName: Full=N-myc proto-oncogene protein [Mus musculus]
Q63379	84.7	1.05e-19	50.000	97	RecName: Full=N-myc proto-oncogene protein [Rattus norvegicus]
P04198	84.7	1.17e-19	52.326	97	RecName: Full=N-myc proto-oncogene protein; AltName: Full=Class E basic helix-loop-helix protein 37; Short=bHLHe37 [Homo sapiens]
Q61976	84.3	1.20e-19	52.941	96	RecName: Full=N-myc proto-oncogene protein; AltName: Full=N-myc1 [Marmota monax]
P20389	80.5	3.61e-18	48.276	98	RecName: Full=N-myc 2 proto-oncogene protein [Marmota monax]
Q64210	79.7	6.21e-18	48.276	98	RecName: Full=N-myc 2 proto-oncogene protein [Otospermophilus beecheyi]
P23999	77.0	4.88e-17	47.674	97	RecName: Full=Protein S-Myc [Rattus norvegicus]
P26014	76.6	6.60e-17	52.326	96	RecName: Full=N-myc proto-oncogene protein [Serinus canaria]
Q9Z304	70.1	1.66e-14	50.000	85	RecName: Full=Protein S-Myc [Mus musculus]
P24793	68.6	5.68e-14	54.839	70	RecName: Full=N-myc protein [Xenopus laevis]
Q17103	63.5	3.39e-12	43.678	98	RecName: Full=Myc protein; AltName: Full=c-myc [Asterias rubens]
P10166	63.2	3.91e-12	44.286	79	RecName: Full=Protein L-Myc [Mus musculus]
P35805	62.8	5.81e-12	39.080	98	RecName: Full=Protein L-Myc-1-B; AltName: Full=Protein L-Myc 2; Short=xL-Myc2 [Xenopus laevis]
P12524	62.0	9.42e-12	42.857	79	RecName: Full=Protein L-Myc; AltName: Full=Class E basic helix-loop-helix protein 38; Short=bHLHe38; AltName: Full=Protein L-Myc-1; AltName: Full=V-myc myelocytomatosis viral oncogene homolog [Homo sapiens]
Q05404	60.8	2.61e-11	37.500	99	RecName: Full=Protein L-Myc-1-A; AltName: Full=Protein L-Myc 1; Short=xL-Myc1 [Xenopus laevis]
Q1LWL8	60.5	3.75e-11	60.870	52	RecName: Full=Protein L-Myc-1b [Danio rerio]
P12525	54.3	5.67e-09	33.333	98	PUTATIVE PSEUDOGENE: RecName: Full=Putative myc-like protein MYCLP1; AltName: Full=Protein L-Myc-2; AltName: Full=V-myc myelocytomatosis viral oncogene homolog pseudogene 1 [Homo sapiens]
Q9W4S7	48.9	5.05e-07	39.535	97	RecName: Full=Myc proto-oncogene protein; Short=dMyc; AltName: Full=Protein diminutive [Drosophila melanogaster]
Q9PSI9	48.1	7.36e-07	32.927	92	RecName: Full=Protein L-Myc-1a; AltName: Full=Protein L-Myc 1; Short=zL-Myc [Danio rerio]
P28574	47.0	8.94e-07	50.000	52	RecName: Full=Protein max; AltName: Full=Myc-associated factor X; AltName: Full=Myc-binding novel HLH/LZ protein; AltName: Full=Protein myn [Mus musculus]
P61244	47.0	9.32e-07	50.000	52	RecName: Full=Protein max; AltName: Full=Class D basic helix-loop-helix protein 4; Short=bHLHd4; AltName: Full=Myc-associated factor X [Homo sapiens]
P52162	47.0	1.02e-06	50.000	52	RecName: Full=Protein max; AltName: Full=Myc-associated factor X [Gallus gallus]
P52164	47.0	1.05e-06	50.000	52	RecName: Full=Protein max; AltName: Full=Myc-associated factor X [Rattus norvegicus]
Q07016	46.6	1.63e-06	50.000	52	RecName: Full=Protein max; Short=xMAX; AltName: Full=Myc-associated factor X [Xenopus laevis]
P91664	42.7	4.21e-05	50.000	52	RecName: Full=Protein max; Short=dMax; AltName: Full=Myc-associated factor X [Drosophila melanogaster]
P52161	41.6	1.23e-04	42.000	52	RecName: Full=Protein max; AltName: Full=Myc-associated factor X [Danio rerio]
O43019	42.0	1.48e-04	32.184	85	RecName: Full=Putative transcription factor sre2; AltName: Full=Sterol regulatory element-binding protein 2 [Schizosaccharomyces pombe 972h-]
B0XU60	39.7	8.65e-04	30.000	90	RecName: Full=Basic helix-loop-helix transcription factor devR [Aspergillus fumigatus A1163]
